[jamesl.vercel.app/index.html]
[backblue.gif]
[fade.gif]
[index.html]
[jamesl.vercel.app/favicon.png]
[jamesl.vercel.app/_next/static/css/f177129ee14cf459.css]
[jamesl.vercel.app/_next/static/css/145f7b3c03c47130.css]
[jamesl.vercel.app/_next/static/chunks/polyfills-c67a75d1b6f99dc8.js]
[jamesl.vercel.app/_next/static/chunks/webpack-f1d45784094cdcc5.js]
[jamesl.vercel.app/_next/static/chunks/framework-e8fc622b6908af40.js]
[jamesl.vercel.app/_next/static/chunks/main-469a7dc25383636d.js]
[jamesl.vercel.app/_next/static/chunks/pages/_app-1a3af0da44e9bd26.js]
[jamesl.vercel.app/_next/static/chunks/1a48c3c1-fe8375b15d32b347.js]
[jamesl.vercel.app/_next/static/chunks/d7eeaac4-f407f31efc9df7e0.js]
[jamesl.vercel.app/_next/static/chunks/151-cb14ac234f9dc556.js]
[jamesl.vercel.app/_next/static/chunks/pages/index-e8834540ceaa4937.js]
[jamesl.vercel.app/_next/static/LUfujRSjC8EOFbac50dQr/_buildManifest.js]
[jamesl.vercel.app/_next/static/LUfujRSjC8EOFbac50dQr/_ssgManifest.js]
[jamesl.vercel.app/_next/james0ffc.png]
[jamesl.vercel.app/_next/logo-htmlf7f2.png]
[jamesl.vercel.app/_next/logo-sass87ec.png]
[jamesl.vercel.app/_next/logo-styled-componentf588.png]
[jamesl.vercel.app/_next/logo-reactd32c.png]
[jamesl.vercel.app/_next/logo-next3522.png]
[jamesl.vercel.app/_next/mui53ac.png]
[jamesl.vercel.app/_next/logo-node9655.png]
[jamesl.vercel.app/_next/logo-expressdab8.png]
[jamesl.vercel.app/_next/logo-nest3cd2.png]
[jamesl.vercel.app/_next/laravelde36.png]
[jamesl.vercel.app/_next/django7d66.png]
[jamesl.vercel.app/_next/etha49f.png]
[jamesl.vercel.app/_next/cardano8724.png]
[jamesl.vercel.app/_next/solfcbb.png]
[jamesl.vercel.app/contact.html]
[jamesl.vercel.app/projects.html]
[jamesl.vercel.app/index.html]
[jamesl.vercel.app/_next/static/media/background-dark.b4dbb265.jpg]
[jamesl.vercel.app/hobbies.html]
[jamesl.vercel.app/_next/static/media/background-discord.97a947eb.jpg]
[jamesl.vercel.app/_next/static/media/background-guitar.afcaa4e2.jpg]
[jamesl.vercel.app/_next/static/media/background-ig.06bd56de.jpg]
[jamesl.vercel.app/_next/static/media/background-space.b0065470.jpg]
[jamesl.vercel.app/_next/static/media/background-matrix.1ba5cfb2.gif]
[jamesl.vercel.app/_next/static/media/background-matrix-2.47ad7ad0.jpg]
[jamesl.vercel.app/_next/static/media/background-ark.43601c5c.jpg]
[jamesl.vercel.app/_next/static/media/background-ark-2.dbfff7f3.jpg]
[jamesl.vercel.app/_next/static/css/f177129ee14cf459.css]
[jamesl.vercel.app/_next/static/css/145f7b3c03c47130.css]
[jamesl.vercel.app/images/logos/xrp.svg]
[jamesl.vercel.app/_next/static/css/95203d608b4d8a5f.css]
[jamesl.vercel.app/_next/static/chunks/950-861d0ea5974dc19c.js]
[jamesl.vercel.app/contact.html]
[jamesl.vercel.app/_next/static/chunks/pages/contact-f829f0ce40668549.js]
[jamesl.vercel.app/_next/static/css/9ae96ff7f2e70f36.css]
[jamesl.vercel.app/_next/static/chunks/pages/projects-f303c2bc1b5c7097.js]
[jamesl.vercel.app/_next/web-19dc0.png]
[jamesl.vercel.app/_next/web-278f7.png]
[jamesl.vercel.app/_next/web-37852.png]
[jamesl.vercel.app/_next/web-4b87e.png]
[jamesl.vercel.app/_next/blockchain-47c47.png]
[jamesl.vercel.app/_next/blockchain-1e0c2.png]
[jamesl.vercel.app/_next/blockchain-2d1c9.png]
[jamesl.vercel.app/_next/blockchain-36412.png]
[jamesl.vercel.app/_next/game-170fd.png]
[jamesl.vercel.app/_next/game-3ade6.png]
[jamesl.vercel.app/_next/game-4dd01.png]
[jamesl.vercel.app/_next/game-53ef4.png]
[jamesl.vercel.app/_next/game-2067f.png]
[jamesl.vercel.app/_next/blockchain-67262.png]
[jamesl.vercel.app/_next/blockchain-52d35.png]
[jamesl.vercel.app/_next/blockchain-7eda1.png]
[jamesl.vercel.app/projects.html]
[jamesl.vercel.app/_next/static/css/732ef43f3f50df53.css]
[jamesl.vercel.app/_next/static/chunks/pages/hobbies-13a5c09ea8ffaa14.js]
[jamesl.vercel.app/_next/hero-discord396f.png]
[jamesl.vercel.app/_next/hero-guitarf9ea.png]
[jamesl.vercel.app/_next/hero-astronaut6c6d.png]
[jamesl.vercel.app/hobbies.html]
[jamesl.vercel.app/_next/static/css/95203d608b4d8a5f.css]
[jamesl.vercel.app/_next/static/css/9ae96ff7f2e70f36.css]
[jamesl.vercel.app/_next/static/css/732ef43f3f50df53.css]
